2026-05-25 18:03:55,895 - INFO - Запуск программы (OS: darwin, Camera ID: 0)...
2026-05-25 18:03:59,186 - INFO - Камера 0 инициализирована с разрешением (1280, 720)
2026-05-25 18:03:59,270 - INFO - Окно 'Sensors Display' создано.
2026-05-25 18:04:06,023 - INFO - Нажата клавиша 'q'. Завершение работы...
2026-05-25 18:04:09,308 - INFO - Ресурс камеры корректно освобожден.
2026-05-25 18:04:09,311 - INFO - Окно корректно закрыто.
2026-05-25 18:04:09,311 - INFO - Все ресурсы освобождены. Выход.
2026-05-27 09:14:21,562 - INFO - Запуск программы (OS: darwin, Camera ID: 0)...
2026-05-27 09:14:25,577 - INFO - Камера 0 инициализирована с разрешением (1280, 720)
2026-05-27 09:14:25,715 - INFO - Окно 'Sensors Display' создано.
2026-05-27 09:14:30,556 - INFO - Нажата клавиша 'q'. Завершение работы...
2026-05-27 09:14:33,518 - INFO - Ресурс камеры корректно освобожден.
2026-05-27 09:14:33,523 - INFO - Окно корректно закрыто.
2026-05-27 09:14:33,523 - INFO - Все ресурсы освобождены. Выход.
2026-05-27 11:10:52,266 - INFO - Запуск программы (OS: darwin, Camera ID: 0)...
2026-05-27 11:10:54,639 - INFO - Камера 0 инициализирована с разрешением (1280, 720)
2026-05-27 11:10:54,723 - INFO - Окно 'Sensors Display' создано.
2026-05-27 11:11:07,478 - INFO - Нажата клавиша 'q'. Завершение работы...
2026-05-27 11:11:09,932 - INFO - Ресурс камеры корректно освобожден.
2026-05-27 11:11:09,935 - INFO - Окно корректно закрыто.
2026-05-27 11:11:09,936 - INFO - Все ресурсы освобождены. Выход.
2026-05-27 11:11:24,639 - INFO - Запуск программы (OS: darwin, Camera ID: 0)...
2026-05-27 11:11:26,892 - INFO - Камера 0 инициализирована с разрешением (1280, 720)
2026-05-27 11:11:26,971 - INFO - Окно 'Sensors Display' создано.
2026-05-27 11:12:18,685 - INFO - Нажата клавиша 'q'. Завершение работы...
2026-05-27 11:12:21,964 - INFO - Ресурс камеры корректно освобожден.
2026-05-27 11:12:21,967 - INFO - Окно корректно закрыто.
2026-05-27 11:12:21,968 - INFO - Все ресурсы освобождены. Выход.
